// Jest Snapshot v1, https://goo.gl/fbAQLP

exports[`Renders correctly organizer view page 1`] = `
<View
  accessibilityIgnoresInvertColors={true}
  style={
    Array [
      Object {
        "flex": 1,
        "paddingTop": 20,
      },
      Object {
        "backgroundColor": "white",
        "padding": "5%",
      },
    ]
  }
>
  <Image
    source={
      Object {
        "uri": undefined,
      }
    }
    style={
      Array [
        Object {
          "bottom": 0,
          "left": 0,
          "position": "absolute",
          "right": 0,
          "top": 0,
        },
        Object {
          "height": undefined,
          "width": undefined,
        },
        undefined,
      ]
    }
  />
  <RCTScrollView
    style={
      Object {
        "display": "flex",
        "width": "100%",
      }
    }
  >
    <View>
      <View
        style={
          Object {
            "flexDirection": "row",
          }
        }
      >
        <Text
          style={
            Array [
              Object {
                "fontFamily": "Helvetica Neue",
                "marginLeft": "1%",
              },
              undefined,
              Object {
                "fontSize": 28,
                "fontWeight": "bold",
              },
            ]
          }
        >
          Hi
        </Text>
        <View
          style={
            Object {
              "flexDirection": "row",
              "marginLeft": "auto",
            }
          }
        >
          <Text />
          <Text />
        </View>
      </View>
      <Text
        style={
          Object {
            "color": "silver",
            "marginBottom": 5,
            "marginLeft": "1%",
            "marginTop": "1%",
          }
        }
      >
        By 
        Hi
      </Text>
      <View
        style={
          Object {
            "flexDirection": "row",
            "marginLeft": 8,
            "marginTop": 3,
          }
        }
      >
        <Text />
        <Text
          style={
            Object {
              "marginLeft": 10,
            }
          }
        >
          Concordia
        </Text>
      </View>
      <View
        style={
          Object {
            "flexDirection": "row",
            "marginLeft": 8,
            "marginTop": 3,
          }
        }
      >
        <Text />
        <Text
          style={
            Object {
              "marginLeft": 10,
            }
          }
        >
          Jun 21, 2023
        </Text>
      </View>
      <View
        style={
          Object {
            "flexDirection": "row",
            "marginLeft": 8,
            "marginTop": 3,
          }
        }
      >
        <Text />
        <Text
          style={
            Object {
              "marginLeft": 10,
            }
          }
        >
          08:13 pm - 08:13 pm
        </Text>
      </View>
      <Text
        style={
          Object {
            "color": "#100101",
            "fontFamily": "Helvetica Neue",
            "fontSize": 17,
            "marginBottom": "2%",
            "marginLeft": "1%",
            "marginTop": "5%",
          }
        }
      >
        Description
      </Text>
      <Text
        style={
          Object {
            "alignContent": "flex-start",
            "alignSelf": "flex-start",
            "fontFamily": "Helvetica Neue",
            "fontSize": 14,
            "marginLeft": "1%",
          }
        }
      >
        Fun
      </Text>
      <Text
        style={
          Object {
            "color": "#100101",
            "fontFamily": "Helvetica Neue",
            "fontSize": 17,
            "marginBottom": "2%",
            "marginLeft": "1%",
            "marginTop": "5%",
          }
        }
      >
        Location
      </Text>
      <View
        style={
          Object {
            "borderRadius": 20,
            "overflow": "hidden",
          }
        }
      >
        <MapView
          initialRegion={
            Object {
              "latitude": 35.6762,
              "latitudeDelta": 0.01,
              "longitude": 139.6503,
              "longitudeDelta": 0.01,
            }
          }
          style={
            Object {
              "borderRadius": 20,
              "height": 333.5,
              "overflow": "hidden",
              "width": 750,
            }
          }
        >
          <Marker
            coordinate={
              Object {
                "latitude": 35.6762,
                "latitudeDelta": 0.01,
                "longitude": 139.6503,
                "longitudeDelta": 0.01,
              }
            }
            pinColor="#00c0a4"
          />
        </MapView>
      </View>
      <View
        style={
          Object {
            "alignSelf": "center",
            "flexDirection": "row",
            "flexWrap": "wrap",
            "justifyContent": "flex-start",
            "marginTop": 10,
            "width": "95%",
          }
        }
      >
        <Text />
      </View>
    </View>
  </RCTScrollView>
</View>
`;
