// Jest Snapshot v1, https://goo.gl/fbAQLP

exports[`Renders Create New Event Last Page Correctly 1`] = `
<View
  accessibilityIgnoresInvertColors={true}
  style={
    Array [
      Object {
        "flex": 1,
        "paddingTop": 20,
      },
      Object {
        "marginTop": 30,
        "padding": 20,
      },
    ]
  }
>
  <Image
    source={
      Object {
        "uri": undefined,
      }
    }
    style={
      Array [
        Object {
          "bottom": 0,
          "left": 0,
          "position": "absolute",
          "right": 0,
          "top": 0,
        },
        Object {
          "height": undefined,
          "width": undefined,
        },
        undefined,
      ]
    }
  />
  <View
    style={
      Object {
        "flexDirection": "row",
        "justifyContent": "center",
      }
    }
  >
    <View
      accessible={true}
      collapsable={false}
      focusable={true}
      onClick={[Function]}
      onResponderGrant={[Function]}
      onResponderMove={[Function]}
      onResponderRelease={[Function]}
      onResponderTerminate={[Function]}
      onResponderTerminationRequest={[Function]}
      onStartShouldSetResponder={[Function]}
      style={
        Object {
          "elevation": 2,
          "left": 0,
          "opacity": 1,
          "position": "absolute",
          "shadowOffset": Object {
            "height": 1,
            "width": 1,
          },
          "shadowOpacity": 0.2,
          "shadowRadius": 3,
        }
      }
    >
      <View
        style={
          Object {
            "flexDirection": "row",
          }
        }
      >
        <Text />
        <Text
          style={
            Object {
              "marginLeft": 2,
            }
          }
        />
      </View>
    </View>
    <Text
      style={
        Array [
          Object {
            "fontFamily": "Helvetica Neue",
            "marginLeft": "1%",
          },
          Object {
            "alignSelf": "center",
          },
          Object {
            "fontSize": 28,
            "fontWeight": "bold",
          },
        ]
      }
    >
      Create Event Tags
    </Text>
  </View>
  <View
    style={
      Object {
        "display": "flex",
        "width": "100%",
      }
    }
  >
    <Text
      style={
        Array [
          Object {
            "fontFamily": "Helvetica Neue",
            "marginLeft": "1%",
          },
          Object {
            "alignSelf": "center",
          },
          Object {
            "color": "#747474",
            "fontSize": 20,
            "marginBottom": 6,
            "marginLeft": "1%",
            "paddingVertical": 6,
          },
        ]
      }
    >
      Please fill the following information
    </Text>
  </View>
  <RCTScrollView
    style={
      Object {
        "paddingTop": 20,
      }
    }
  >
    <View>
      <View
        style={
          Array [
            Object {
              "backgroundColor": "white",
              "borderColor": "#989797",
              "borderRadius": 12,
              "borderWidth": 1,
              "marginLeft": "1%",
              "marginVertical": 10,
              "opacity": 0.9,
              "paddingHorizontal": 12,
              "paddingVertical": 7,
              "width": "98%",
            },
            Object {
              "color": "#989797",
              "elevation": 2,
              "fontSize": 18,
              "justifyContent": "center",
              "shadowColor": "black",
              "shadowOffset": Object {
                "height": 1,
                "width": 1,
              },
              "shadowOpacity": 0.2,
              "shadowRadius": 3,
            },
          ]
        }
      >
        <TextInput
          autoCapitalize={true}
          clearButtonMode="always"
          onChangeText={[Function]}
          onSubmitEditing={[Function]}
          placeholder="Ex.: University"
          placeholderTextColor="grey"
          style={
            Object {
              "color": "black",
              "fontFamily": "Helvetica Neue",
              "fontSize": 18,
              "opacity": 1,
            }
          }
        />
      </View>
      <Text
        style={
          Array [
            Object {
              "fontFamily": "Helvetica Neue",
              "marginLeft": "1%",
            },
            Object {
              "color": "gray",
              "paddingHorizontal": 20,
            },
            Object {
              "color": "#747474",
              "fontSize": 20,
              "marginBottom": 6,
              "marginLeft": "1%",
              "paddingVertical": 6,
            },
          ]
        }
      >
        Add tags to increase visibility
      </Text>
      <View
        style={
          Object {
            "marginTop": 12,
          }
        }
      >
        <View
          style={
            Object {
              "alignSelf": "center",
              "flexDirection": "row",
              "flexWrap": "wrap",
              "justifyContent": "flex-start",
              "width": "95%",
            }
          }
        >
          <Text
            style={
              Object {
                "color": "#989797",
                "marginLeft": 24,
                "marginTop": 18,
              }
            }
          >
            No tags in your event yet...
          </Text>
        </View>
      </View>
    </View>
  </RCTScrollView>
  <View>
    <View
      accessibilityState={
        Object {
          "disabled": false,
        }
      }
      accessible={true}
      collapsable={false}
      focusable={true}
      onClick={[Function]}
      onResponderGrant={[Function]}
      onResponderMove={[Function]}
      onResponderRelease={[Function]}
      onResponderTerminate={[Function]}
      onResponderTerminationRequest={[Function]}
      onStartShouldSetResponder={[Function]}
      style={
        Object {
          "alignItems": "center",
          "alignSelf": "center",
          "backgroundColor": "#00c0a4",
          "borderRadius": 20,
          "elevation": 4,
          "marginLeft": "1%",
          "marginVertical": 40,
          "opacity": 1,
          "padding": 12,
          "shadowColor": "black",
          "shadowOffset": Object {
            "height": 1,
            "width": 1,
          },
          "shadowOpacity": 0.2,
          "shadowRadius": 3,
          "width": "90%",
        }
      }
      testID="submitEvent"
    >
      <Text
        style={
          Array [
            Object {
              "color": "#FFFFFF",
              "fontFamily": "Helvetica Neue",
              "fontSize": 18,
              "fontWeight": "bold",
              "textAlign": "center",
              "textAlignVertical": "center",
            },
            undefined,
          ]
        }
      >
        Submit Event
      </Text>
    </View>
  </View>
</View>
`;
