// Jest Snapshot v1, https://goo.gl/fbAQLP

exports[`Renders correctly organizer status page 1`] = `
<View
  accessibilityIgnoresInvertColors={true}
  style={
    Array [
      Object {
        "flex": 1,
        "paddingTop": 20,
      },
      Object {
        "backgroundColor": "white",
        "padding": "5%",
      },
    ]
  }
>
  <Image
    source={
      Object {
        "uri": undefined,
      }
    }
    style={
      Array [
        Object {
          "bottom": 0,
          "left": 0,
          "position": "absolute",
          "right": 0,
          "top": 0,
        },
        Object {
          "height": undefined,
          "width": undefined,
        },
        undefined,
      ]
    }
  />
  <RCTScrollView
    style={
      Object {
        "display": "flex",
        "width": "100%",
      }
    }
  >
    <View>
      <View>
        <Text
          style={
            Object {
              "fontSize": 18,
              "fontWeight": "bold",
              "marginBottom": "2%",
              "marginLeft": "1%",
            }
          }
        >
          Status
        </Text>
      </View>
      <View>
        <Text
          style={
            Object {
              "color": "#100101",
              "fontFamily": "Helvetica Neue",
              "fontSize": 16,
              "marginBottom": "2%",
              "marginLeft": "1%",
              "marginTop": "2%",
            }
          }
        >
          Rejected
        </Text>
      </View>
      <View>
        <Text
          style={
            Object {
              "fontSize": 18,
              "fontWeight": "bold",
              "marginBottom": "2%",
              "marginLeft": "1%",
              "marginTop": "7.5%",
            }
          }
        />
      </View>
      <View>
        <Text
          style={
            Object {
              "color": "#100101",
              "fontFamily": "Helvetica Neue",
              "fontSize": 16,
              "marginBottom": "2%",
              "marginLeft": "1%",
              "marginTop": "2%",
            }
          }
        />
      </View>
      <View>
        <Text
          style={
            Object {
              "fontSize": 18,
              "fontWeight": "bold",
              "marginBottom": "2%",
              "marginLeft": "1%",
              "marginTop": "7.5%",
            }
          }
        />
      </View>
      <View>
        <Text
          style={
            Object {
              "color": "#100101",
              "fontFamily": "Helvetica Neue",
              "fontSize": 16,
              "marginBottom": "2%",
              "marginLeft": "1%",
              "marginTop": "2%",
            }
          }
        />
      </View>
      <View>
        <Text
          style={
            Object {
              "fontSize": 18,
              "fontWeight": "bold",
              "marginBottom": "2%",
              "marginLeft": "1%",
              "marginTop": "7.5%",
            }
          }
        >
          Comments from Admin
        </Text>
      </View>
      <View>
        <Text
          style={
            Object {
              "color": "#100101",
              "fontFamily": "Helvetica Neue",
              "fontSize": 16,
              "marginBottom": "2%",
              "marginLeft": "1%",
              "marginTop": "2%",
            }
          }
        />
      </View>
    </View>
  </RCTScrollView>
</View>
`;
