// Jest Snapshot v1, https://goo.gl/fbAQLP

exports[`renders correctly 1`] = `
<View
  accessibilityIgnoresInvertColors={true}
  style={
    Array [
      Object {
        "flex": 1,
        "paddingTop": 20,
      },
      Object {
        "marginTop": "2%",
        "padding": 20,
      },
    ]
  }
>
  <Image
    source={
      Object {
        "uri": undefined,
      }
    }
    style={
      Array [
        Object {
          "bottom": 0,
          "left": 0,
          "position": "absolute",
          "right": 0,
          "top": 0,
        },
        Object {
          "height": undefined,
          "width": undefined,
        },
        undefined,
      ]
    }
  />
  <View
    style={
      Object {
        "height": "90%",
        "paddingBottom": "20%",
      }
    }
  >
    <Text
      style={
        Array [
          Object {
            "fontFamily": "Helvetica Neue",
            "marginLeft": "1%",
          },
          Object {
            "marginBottom": "2%",
          },
          Object {
            "fontSize": 28,
            "fontWeight": "bold",
          },
        ]
      }
    >
      Sign Up
    </Text>
    <Text
      style={
        Array [
          Object {
            "fontFamily": "Helvetica Neue",
            "marginLeft": "1%",
          },
          Object {
            "marginBottom": "2%",
          },
          Object {
            "color": "#747474",
            "fontSize": 20,
            "marginBottom": 6,
            "marginLeft": "1%",
            "paddingVertical": 6,
          },
        ]
      }
    >
      Please fill the following information
    </Text>
    <View
      style={
        Array [
          Object {
            "backgroundColor": "white",
            "borderColor": "#989797",
            "borderRadius": 12,
            "borderWidth": 1,
            "marginLeft": "1%",
            "marginVertical": 10,
            "opacity": 0.9,
            "paddingHorizontal": 12,
            "paddingVertical": 7,
            "width": "98%",
          },
          undefined,
        ]
      }
    >
      <TextInput
        onChangeText={[Function]}
        placeholder="First Name"
        placeholderTextColor="grey"
        style={
          Object {
            "color": "black",
            "fontFamily": "Helvetica Neue",
            "fontSize": 18,
            "opacity": 1,
          }
        }
      />
    </View>
    <View
      style={
        Array [
          Object {
            "backgroundColor": "white",
            "borderColor": "#989797",
            "borderRadius": 12,
            "borderWidth": 1,
            "marginLeft": "1%",
            "marginVertical": 10,
            "opacity": 0.9,
            "paddingHorizontal": 12,
            "paddingVertical": 7,
            "width": "98%",
          },
          undefined,
        ]
      }
    >
      <TextInput
        onChangeText={[Function]}
        placeholder="Last Name"
        placeholderTextColor="grey"
        style={
          Object {
            "color": "black",
            "fontFamily": "Helvetica Neue",
            "fontSize": 18,
            "opacity": 1,
          }
        }
      />
    </View>
    <View
      style={
        Array [
          Object {
            "backgroundColor": "white",
            "borderColor": "#989797",
            "borderRadius": 12,
            "borderWidth": 1,
            "marginLeft": "1%",
            "marginVertical": 10,
            "opacity": 0.9,
            "paddingHorizontal": 12,
            "paddingVertical": 7,
            "width": "98%",
          },
          undefined,
        ]
      }
    >
      <TextInput
        keyboardType="email-address"
        onChangeText={[Function]}
        placeholder="Email"
        placeholderTextColor="grey"
        style={
          Object {
            "color": "black",
            "fontFamily": "Helvetica Neue",
            "fontSize": 18,
            "opacity": 1,
          }
        }
      />
    </View>
    <View
      style={
        Array [
          Object {
            "backgroundColor": "white",
            "borderColor": "#989797",
            "borderRadius": 12,
            "borderWidth": 1,
            "marginLeft": "1%",
            "marginVertical": 10,
            "opacity": 0.9,
            "paddingHorizontal": 12,
            "paddingVertical": 7,
            "width": "98%",
          },
          undefined,
        ]
      }
    >
      <TextInput
        onChangeText={[Function]}
        placeholder="Password"
        placeholderTextColor="grey"
        secureTextEntry={true}
        style={
          Object {
            "color": "black",
            "fontFamily": "Helvetica Neue",
            "fontSize": 18,
            "opacity": 1,
          }
        }
      />
    </View>
    <View
      style={
        Array [
          Object {
            "backgroundColor": "white",
            "borderColor": "#989797",
            "borderRadius": 12,
            "borderWidth": 1,
            "marginLeft": "1%",
            "marginVertical": 10,
            "opacity": 0.9,
            "paddingHorizontal": 12,
            "paddingVertical": 7,
            "width": "98%",
          },
          Object {
            "borderColor": "#df4c3f",
          },
        ]
      }
    >
      <TextInput
        onChangeText={[Function]}
        placeholder="Confirm Password"
        placeholderTextColor="grey"
        secureTextEntry={true}
        style={
          Object {
            "color": "black",
            "fontFamily": "Helvetica Neue",
            "fontSize": 18,
            "opacity": 1,
          }
        }
      />
    </View>
    <View
      style={
        Object {
          "flexDirection": "row",
          "paddingTop": 16,
        }
      }
    >
      <View
        style={
          Object {
            "alignItems": "flex-start",
            "color": "#989797",
            "width": "50%",
          }
        }
      >
        <Text
          style={
            Object {
              "color": "#484545",
              "fontSize": 16,
            }
          }
        >
          Are you an organizer?
        </Text>
      </View>
      <View
        style={
          Object {
            "alignItems": "flex-end",
            "width": "50%",
          }
        }
      >
        <View
          accessibilityRole="checkbox"
          accessibilityState={
            Object {
              "checked": false,
              "disabled": undefined,
            }
          }
          accessible={true}
          collapsable={false}
          focusable={true}
          onBlur={[Function]}
          onClick={[Function]}
          onFocus={[Function]}
          onResponderGrant={[Function]}
          onResponderMove={[Function]}
          onResponderRelease={[Function]}
          onResponderTerminate={[Function]}
          onResponderTerminationRequest={[Function]}
          onStartShouldSetResponder={[Function]}
          style={
            Array [
              Object {
                "borderColor": "#657786",
                "borderRadius": 2,
                "borderWidth": 2,
                "height": 20,
                "width": 20,
              },
              Object {
                "borderRadius": 6,
                "borderWidth": 1,
              },
              false,
              false,
              undefined,
              false,
            ]
          }
          testID="isOrganizer"
        />
      </View>
    </View>
    <View
      accessibilityState={
        Object {
          "disabled": true,
        }
      }
      accessible={true}
      collapsable={false}
      focusable={true}
      onClick={[Function]}
      onResponderGrant={[Function]}
      onResponderMove={[Function]}
      onResponderRelease={[Function]}
      onResponderTerminate={[Function]}
      onResponderTerminationRequest={[Function]}
      onStartShouldSetResponder={[Function]}
      style={
        Object {
          "alignItems": "center",
          "alignSelf": "center",
          "backgroundColor": "#989797",
          "borderRadius": 20,
          "elevation": 4,
          "marginLeft": "1%",
          "marginTop": "20%",
          "marginVertical": 40,
          "opacity": 1,
          "padding": 12,
          "shadowColor": "black",
          "shadowOffset": Object {
            "height": 1,
            "width": 1,
          },
          "shadowOpacity": 0.2,
          "shadowRadius": 3,
          "width": "90%",
        }
      }
      testID="signUpButton"
    >
      <Text
        style={
          Array [
            Object {
              "color": "#FFFFFF",
              "fontFamily": "Helvetica Neue",
              "fontSize": 18,
              "fontWeight": "bold",
              "textAlign": "center",
              "textAlignVertical": "center",
            },
            undefined,
          ]
        }
      >
        Sign Up
      </Text>
    </View>
    <View
      style={
        Object {
          "flexDirection": "row",
          "justifyContent": "center",
        }
      }
    >
      <Text
        style={
          Object {
            "color": "#484545",
            "fontSize": 16,
          }
        }
      >
        Already have an account? 
      </Text>
      <View
        accessible={true}
        focusable={true}
        onClick={[Function]}
        onResponderGrant={[Function]}
        onResponderMove={[Function]}
        onResponderRelease={[Function]}
        onResponderTerminate={[Function]}
        onResponderTerminationRequest={[Function]}
        onStartShouldSetResponder={[Function]}
      >
        <Text
          style={
            Object {
              "color": "#00c0a4",
              "fontSize": 16,
              "fontWeight": "400",
            }
          }
        >
          Login
        </Text>
      </View>
    </View>
  </View>
  <Image
    source={1}
    style={
      Array [
        Object {
          "flex": 1,
        },
        Object {
          "bottom": 0,
          "height": "100%",
          "position": "absolute",
          "width": "100%",
        },
        Object {
          "bottom": 0,
          "height": 172.91414752116083,
          "position": "absolute",
          "resizeMode": "stretch",
          "width": 750,
        },
      ]
    }
  />
</View>
`;
